// Jest Snapshot v1, https://goo.gl/fbAQLP

exports[`app success matches snapshot 1`] = `"<div id=\\"app\\" data-server-rendered=\\"true\\"><p>Hello Vue!</p></div>"`;
